
> kagami@0.1.0 build
> next build

â–² Next.js 16.2.1 (Turbopack)
- Environments: .env.local

  Creating an optimized production build ...
âœ“ Compiled successfully in 2000ms
  Running TypeScript ...
ÖÕÖ¹Åú´¦Àí²Ù×÷Âğ(Y/N)? ÖÕÖ¹Åú´¦Àí²Ù×÷Âğ(Y/N)? 
^C